🚀 Running ablation test: no_vlm_no_critique
   Self-critique: ❌
   VLM: ❌
   Documentation: ✅
   Analyses: 25
   Max iterations: 8

🧪 Testing no_vlm_no_critique...
   Self-critique: ❌
   VLM: ❌
   Documentation: ✅
0
Loading anndata .obs for summarization...
Loaded obs data: 73180 rows × 5 columns
ADATA SUMMARY:  Below is a description of the columns in adata.obs: 
Column cell_name contains the unique values ['14_AAACCCAAGTAATACG' '14_AAACCCAGTCCTTAAG' '14_AAACGAAAGGCGATAC'
 '14_AAACGCTAGACTGTTC' '14_AAACGCTAGAGTGTTA' '14_AAACGCTAGTCTAGCT'
 '14_AAACGCTGTTGTGGCC' '14_AAACGCTTCTTGCAGA' '14_AAAGAACAGCTCCGAC'
 '14_AAAGAACAGGTACTGG' '14_AAAGAACAGTTGGGAC' '14_AAAGAACCATCGAGCC'
 '14_AAAGGATAGGTTGCCC' '14_AAAGGATCAGCTTTGA' '14_AAAGGATGTTTAAGGA'
 '14_AAAGGATTCCATTGTT' '14_AAAGGATTCGCGTTTC' '14_AAAGGGCCACTTGTCC'
 '14_AAAGGGCGTGTAGTGG' '14_AAAGGGCGTTTCTATC' '14_AAAGGTATCAGACAAA'
 '14_AAAGGTATCCAAACCA' '14_AAAGTCCGTTAGAGTA' '14_AAAGTCCTCATGGATC'
 '14_AAAGTCCTCATTTCCA']and 73155 other unique values... 
Column cell_type contains the unique values ['Stromal fibroblasts' 'Unciliated epithelia 1' 'Unciliated epithelia 2'
 'Endothelia' 'Lymphocytes' 'Ciliated' 'Smooth muscle cells' 'Macrophages'
 'Unciliated epithelia'] 
Column dataset contains the unique values ['10x' 'C1'] 
Column day contains the unique values [17 22 20 23 19 26 16 10  4 21 11  7 25 15 24  9 27] 
Column donor contains the unique values [14 19 20 29 39 41 57 58 60 63 13  7 12  6  4 26 15  8 30 38 40 11  5 33
 59]and 2 other unique values... 

✅ Loaded /scratch/groups/jamesz/scAgent/endo_data.h5ad
Running DeepResearch...
✅ DeepResearch completed
DEEPRESEARCH BACKGROUND:  **Biological Background (additional):** The endometrium is exquisitely regulated by cyclic ovarian h

🚀 Starting Analysis 1
✅ Persistent kernel started
🚫 Skipping feedback on next step (no self-critique)
🚀 Beginning step 1...
⚠️ Code errored with: ValueError: `A` must be of floating or complex floating data type.
  🔧 Fix attempt 1/3
  ❌ Fix attempt 1 failed
  🔧 Fix attempt 2/3
  ✅ Fix successful on attempt 2
🚫 Skipping feedback on next step (no self-critique)
🚀 Beginning step 2...
🚫 Skipping feedback on next step (no self-critique)
🚀 Beginning step 3...
⚠️ Code errored with: KeyError: 'immune_leiden'
  🔧 Fix attempt 1/3
  ✅ Fix successful on attempt 1
🚫 Skipping feedback on next step (no self-critique)
🚀 Beginning step 4...
⚠️ Code errored with: TypeError: dpt() got an unexpected keyword argument 'min_group_path'
  🔧 Fix attempt 1/3
  ❌ Fix attempt 1 failed
  🔧 Fix attempt 2/3
  ❌ Fix attempt 2 failed
  🔧 Fix attempt 3/3
  ❌ Fix attempt 3 failed
  ⚠️ Failed to fix after 3 attempts. Moving to next iteration.
🚫 Skipping feedback on next step (no self-critique)
🚀 Beginning step 5...
⚠️ Code errored with: ValueError: dimension mismatch
  🔧 Fix attempt 1/3
  ✅ Fix successful on attempt 1
🚫 Skipping feedback on next step (no self-critique)
🚀 Beginning step 6...
⚠️ Code errored with: ValueError: You need to run `pp.neighbors` first to compute a neighborhood graph.
  🔧 Fix attempt 1/3
  ❌ Fix attempt 1 failed
  🔧 Fix attempt 2/3
  ❌ Fix attempt 2 failed
  🔧 Fix attempt 3/3
  ❌ Fix attempt 3 failed
  ⚠️ Failed to fix after 3 attempts. Moving to next iteration.
🚫 Skipping feedback on next step (no self-critique)
🚀 Beginning step 7...
🚫 Skipping feedback on next step (no self-critique)
🚀 Beginning step 8...
💾 Saved notebook to: endo_ablation_081125/test_results_no_vlm_no_critique_20250811_121720/outputs/test_no_vlm_no_critique_20250811_121744/test_no_vlm_no_critique_analysis_1.ipynb
✅ Persistent kernel stopped
✅ Completed Analysis 1

🚀 Starting Analysis 2
✅ Persistent kernel started
🚫 Skipping feedback on next step (no self-critique)
🚀 Beginning step 1...
⚠️ Code errored with: TypeError: agg function failed [how->mean,dtype->object]
  🔧 Fix attempt 1/3
  ✅ Fix successful on attempt 1
🚫 Skipping feedback on next step (no self-critique)
🚀 Beginning step 2...
⚠️ Code errored with: ValueError: Length of values (1) does not match length of index (22480)
  🔧 Fix attempt 1/3
  ✅ Fix successful on attempt 1
🚫 Skipping feedback on next step (no self-critique)
🚀 Beginning step 3...
⚠️ Code errored with: ValueError: Cannot cut empty array
  🔧 Fix attempt 1/3
  ✅ Fix successful on attempt 1
🚫 Skipping feedback on next step (no self-critique)
🚀 Beginning step 4...
⚠️ Code errored with: NameError: name 'data' is not defined
  🔧 Fix attempt 1/3
  ✅ Fix successful on attempt 1
🚫 Skipping feedback on next step (no self-critique)
🚀 Beginning step 5...
🚫 Skipping feedback on next step (no self-critique)
🚀 Beginning step 6...
🚫 Skipping feedback on next step (no self-critique)
🚀 Beginning step 7...
🚫 Skipping feedback on next step (no self-critique)
🚀 Beginning step 8...
⚠️ Code errored with: ValueError: Cannot cut empty array
  🔧 Fix attempt 1/3
  ✅ Fix successful on attempt 1
💾 Saved notebook to: endo_ablation_081125/test_results_no_vlm_no_critique_20250811_121720/outputs/test_no_vlm_no_critique_20250811_121744/test_no_vlm_no_critique_analysis_2.ipynb
✅ Persistent kernel stopped
✅ Completed Analysis 2

🚀 Starting Analysis 3
✅ Persistent kernel started
🚫 Skipping feedback on next step (no self-critique)
🚀 Beginning step 1...
🚫 Skipping feedback on next step (no self-critique)
🚀 Beginning step 2...
🚫 Skipping feedback on next step (no self-critique)
🚀 Beginning step 3...
🚫 Skipping feedback on next step (no self-critique)
🚀 Beginning step 4...
🚫 Skipping feedback on next step (no self-critique)
🚀 Beginning step 5...
⚠️ Code errored with: AttributeError: 'NoneType' object has no attribute 'to_adata'
  🔧 Fix attempt 1/3
  ✅ Fix successful on attempt 1
🚫 Skipping feedback on next step (no self-critique)
🚀 Beginning step 6...
🚫 Skipping feedback on next step (no self-critique)
🚀 Beginning step 7...
🚫 Skipping feedback on next step (no self-critique)
🚀 Beginning step 8...
💾 Saved notebook to: endo_ablation_081125/test_results_no_vlm_no_critique_20250811_121720/outputs/test_no_vlm_no_critique_20250811_121744/test_no_vlm_no_critique_analysis_3.ipynb
✅ Persistent kernel stopped
✅ Completed Analysis 3

🚀 Starting Analysis 4
✅ Persistent kernel started
🚫 Skipping feedback on next step (no self-critique)
🚀 Beginning step 1...
⚠️ Code errored with: KeyError: "Values [np.str_('SSEA1')], from [np.str_('SSEA1'), np.str_('SOX9'), np.str_('AXIN2')], are not valid obs/ var names or indices."
  🔧 Fix attempt 1/3
  ✅ Fix successful on attempt 1
🚫 Skipping feedback on next step (no self-critique)
🚀 Beginning step 2...
⚠️ Code errored with: ImportError: Please install skmisc package via `pip install --user scikit-misc
  🔧 Fix attempt 1/3
  ❌ Fix attempt 1 failed
  🔧 Fix attempt 2/3
  ❌ Fix attempt 2 failed
  🔧 Fix attempt 3/3
  ❌ Fix attempt 3 failed
  ⚠️ Failed to fix after 3 attempts. Moving to next iteration.
🚫 Skipping feedback on next step (no self-critique)
🚀 Beginning step 3...
⚠️ Code errored with: AttributeError: 'AnnData' object has no attribute 'concat'
  🔧 Fix attempt 1/3
Subsetting data grouped by 'day' for balance...
  ❌ Fix attempt 1 failed
  🔧 Fix attempt 2/3
Subsetting data grouped by 'day' for balance...
  ❌ Fix attempt 2 failed
  🔧 Fix attempt 3/3
Subsetting data grouped by 'day' for balance...
  ✅ Fix successful on attempt 3
🚫 Skipping feedback on next step (no self-critique)
🚀 Beginning step 4...
⚠️ Code errored with: ValueError: `A` must be of floating or complex floating data type.
  🔧 Fix attempt 1/3
  ✅ Fix successful on attempt 1
🚫 Skipping feedback on next step (no self-critique)
🚀 Beginning step 5...
⚠️ Code errored with: AttributeError: Can only use .cat accessor with a 'category' dtype
  🔧 Fix attempt 1/3
  ✅ Fix successful on attempt 1
🚫 Skipping feedback on next step (no self-critique)
🚀 Beginning step 6...
🚫 Skipping feedback on next step (no self-critique)
🚀 Beginning step 7...
⚠️ Code errored with: AttributeError: module 'scanpy.queries' has no attribute 'fetch_gene_set_go'
  🔧 Fix attempt 1/3
  ✅ Fix successful on attempt 1
🚫 Skipping feedback on next step (no self-critique)
🚀 Beginning step 8...
⚠️ Code errored with: SyntaxError: f-string: unmatched '[' (1057742257.py, line 24)
  🔧 Fix attempt 1/3
❌ Error during agent execution: f-string: unmatched '[' (<unknown>, line 25)
💾 Results saved to: endo_ablation_081125/results_no_vlm_no_critique.json
📊 NO_VLM_NO_CRITIQUE Results:
   Final Success Rate: 0.00%
   Total Failure Rate: 0.00%
   Final Successful Cells: 0
   Total Failures: 0
   Total Attempts: 0
✅ Ablation test no_vlm_no_critique completed!
