🚀 Running ablation test: no_vlm
   Self-critique: ✅
   VLM: ❌
   Documentation: ✅
   Analyses: 25
   Max iterations: 8

🧪 Testing no_vlm...
   Self-critique: ✅
   VLM: ❌
   Documentation: ✅
0
Loading anndata .obs for summarization...
Loaded obs data: 73180 rows × 5 columns
ADATA SUMMARY:  Below is a description of the columns in adata.obs: 
Column cell_name contains the unique values ['14_AAACCCAAGTAATACG' '14_AAACCCAGTCCTTAAG' '14_AAACGAAAGGCGATAC'
 '14_AAACGCTAGACTGTTC' '14_AAACGCTAGAGTGTTA' '14_AAACGCTAGTCTAGCT'
 '14_AAACGCTGTTGTGGCC' '14_AAACGCTTCTTGCAGA' '14_AAAGAACAGCTCCGAC'
 '14_AAAGAACAGGTACTGG' '14_AAAGAACAGTTGGGAC' '14_AAAGAACCATCGAGCC'
 '14_AAAGGATAGGTTGCCC' '14_AAAGGATCAGCTTTGA' '14_AAAGGATGTTTAAGGA'
 '14_AAAGGATTCCATTGTT' '14_AAAGGATTCGCGTTTC' '14_AAAGGGCCACTTGTCC'
 '14_AAAGGGCGTGTAGTGG' '14_AAAGGGCGTTTCTATC' '14_AAAGGTATCAGACAAA'
 '14_AAAGGTATCCAAACCA' '14_AAAGTCCGTTAGAGTA' '14_AAAGTCCTCATGGATC'
 '14_AAAGTCCTCATTTCCA']and 73155 other unique values... 
Column cell_type contains the unique values ['Stromal fibroblasts' 'Unciliated epithelia 1' 'Unciliated epithelia 2'
 'Endothelia' 'Lymphocytes' 'Ciliated' 'Smooth muscle cells' 'Macrophages'
 'Unciliated epithelia'] 
Column dataset contains the unique values ['10x' 'C1'] 
Column day contains the unique values [17 22 20 23 19 26 16 10  4 21 11  7 25 15 24  9 27] 
Column donor contains the unique values [14 19 20 29 39 41 57 58 60 63 13  7 12  6  4 26 15  8 30 38 40 11  5 33
 59]and 2 other unique values... 

✅ Loaded /scratch/groups/jamesz/scAgent/endo_data.h5ad
Running DeepResearch...
✅ DeepResearch completed
DEEPRESEARCH BACKGROUND:  # Biological Background  
The endometrium’s cyclic remodeling is vulnerable to several gynecologic d

🚀 Starting Analysis 1
✅ Persistent kernel started
🚀 Beginning step 1...
⚠️ Code errored with: AttributeError: module 'celltypist.models' has no attribute 'download_model'
  🔧 Fix attempt 1/3
  ❌ Fix attempt 1 failed
  🔧 Fix attempt 2/3
  ❌ Fix attempt 2 failed
  🔧 Fix attempt 3/3
  ❌ Fix attempt 3 failed
  ⚠️ Failed to fix after 3 attempts. Moving to next iteration.
🚀 Generated Initial Analysis Plan for Analysis 1
🚀 Beginning step 2...
⚠️ Code errored with: ValueError: `A` must be of floating or complex floating data type.
  🔧 Fix attempt 1/3
  ❌ Fix attempt 1 failed
  🔧 Fix attempt 2/3
Loading data...
Data loaded: 73180 cells and 22480 genes
  ❌ Fix attempt 2 failed
  🔧 Fix attempt 3/3
Loading data...
Data loaded: 73180 cells and 22480 genes
❌ Error during agent execution: cannot import name 'Celltypist' from 'celltypist' (/scratch/users/salber/packages/miniconda3/envs/CellVoyager/lib/python3.9/site-packages/celltypist/__init__.py)
💾 Results saved to: endo_ablation_081125/results_no_vlm.json
📊 NO_VLM Results:
   Final Success Rate: 0.00%
   Total Failure Rate: 0.00%
   Final Successful Cells: 0
   Total Failures: 0
   Total Attempts: 0
✅ Ablation test no_vlm completed!
