🚀 Running ablation test: no_vlm
   Self-critique: ✅
   VLM: ❌
   Documentation: ✅
   Analyses: 25
   Max iterations: 8

🧪 Testing no_vlm...
   Self-critique: ✅
   VLM: ❌
   Documentation: ✅
0
Loading anndata .obs for summarization...
Loaded obs data: 44721 rows × 22 columns
ADATA SUMMARY:  Below is a description of the columns in adata.obs: 
Column Admission contains the unique values ['ICU', 'Floor', 'N/A']
Categories (3, object): ['Floor', 'ICU', 'N/A'] 
Column ClusterID contains the unique values ['13', '10', '19', '22', '30', ..., '14', '12', '23', '27', '28']
Length: 25
Categories (30, object): ['1', '2', '3', '4', ..., '27', '28', '29', '30']and 5 other unique values... 
Column DPS contains the unique values [ 9 11 16 15  2 12  0] 
Column DTF contains the unique values [ 9 11 16  1  0] 
Column Donor_full contains the unique values ['C1 A', 'C1 B', 'C2', 'C3', 'C4', ..., 'H2', 'H3', 'H4', 'H5', 'H6']
Length: 14
Categories (14, object): ['C1 A', 'C1 B', 'C2', 'C3', ..., 'H3', 'H4', 'H5', 'H6'] 
Column HLA1 contains the unique values [-0.02605255  0.02352518 -0.04427108 -0.03803968 -0.04360528 -0.07198744
 -0.07539593 -0.01513437 -0.01993403 -0.01622227 -0.06413622 -0.07199714
 -0.07057579 -0.07952039 -0.07559886  0.02820856 -0.07096995  0.10449086
  0.02217309  0.01836409 -0.06735592 -0.08256716 -0.08864895 -0.07031567
 -0.09437279]and 44610 other unique values... 
Column IFN1 contains the unique values [ 0.01562502 -0.00032206  0.08638541  0.0225901   0.01073935  0.06448282
  0.05037806  0.09174445  0.12421456  0.14351875  0.05859176  0.09241498
  0.11631709  0.07531875  0.05454702  0.06147264  0.0674489   0.08906084
  0.09544304  0.07967678  0.08848803  0.15639192  0.04690772  0.10474696
  0.12281945]and 44675 other unique values... 
Column Sex contains the unique values ['M', 'F']
Categories (2, object): ['F', 'M'] 
Column Status contains the unique values ['COVID', 'Healthy']
Categories (2, object): ['COVID', 'Healthy'] 
Column Ventilated contains the unique values ['NonVent', 'Vent', 'Healthy']
Categories (3, object): ['Healthy', 'NonVent', 'Vent'] 
Column cell_type_coarse contains the unique values ['RBC', 'B', 'PB', 'CD14 Monocyte', 'CD8 T', ..., 'Granulocyte', 'CD16 Monocyte', 'gd T', 'pDC', 'DC']
Length: 13
Categories (13, object): ['B', 'CD4 T', 'CD8 T', 'CD14 Monocyte', ..., 'Platelet', 'RBC', 'gd T',
                          'pDC'] 
Column cell_type_fine contains the unique values ['RBC', 'Class-switched B', 'IgG PB', 'IgA PB', 'CD14 Monocyte', ..., 'gd T', 'pDC', 'Activated Granulocyte', 'SC & Eosinophil', 'DC']
Length: 20
Categories (20, object): ['Activated Granulocyte', 'B', 'CD4 T', 'CD4m T', ..., 'RBC', 'SC & Eosinophil', 'gd T',
                          'pDC'] 
Column nCount_RNA contains the unique values [1222. 1099. 1055. 2411. 2276. 1166. 1080. 1109. 1032. 1048. 1160. 1085.
 1130. 1148. 1102. 1276. 1305. 1014. 1066. 1127. 1295. 1022. 1045. 1021.
 1002.]and 6913 other unique values... 
Column nCount_SCT contains the unique values [1682. 1700. 1661. 1971. 1948. 1619. 1626. 1569. 1602. 1570. 1662. 1581.
 1634. 1583. 1573. 1611. 1672. 1574. 1565. 1495. 1646. 1566. 1561. 1568.
 1557.]and 1298 other unique values... 
Column nFeature_RNA contains the unique values [125 160 212 312 336 351 374 384 392 401 409 424 412 428 431 438 440 447
 442 441 467 458 446 471 462]and 3284 other unique values... 
Column nFeature_SCT contains the unique values [126 160 213 312 336 351 374 384 392 401 409 424 412 428 431 438 440 447
 442 441 467 458 446 471 463]and 1760 other unique values... 
Column percent_mt contains the unique values [ 1.3093289 13.10282    2.9383886 10.908337  11.203866   5.0600343
 10.092592   5.9513073 16.18217    2.0992367  4.3965516  7.373272
 10.619469   3.2229965  5.263158  13.557994   7.5095787  6.8047338
  8.442777   1.242236   7.7992277  6.7514677  4.6889954  6.4642506
  8.72093  ]and 38921 other unique values... 
Column percent_rpl contains the unique values [0.24549918 0.36396724 0.9478673  0.16590627 0.3075571  1.1149228
 0.5555556  2.5247972  0.872093   1.0496184  1.2068965  1.5668203
 2.743363   1.3937283  2.0871143  1.0971787  1.2260536  1.8737673
 1.0318949  2.573203   2.084942   1.0763209  1.8181819  1.2732615
 2.6162791 ]and 36348 other unique values... 
Column percent_rps contains the unique values [0.08183306 0.36396724 0.6635071  0.04147657 0.26362038 0.6861063
 0.46296296 2.3444545  0.872093   0.85877866 1.1206896  2.3963134
 1.9469026  1.3066202  2.4500906  0.86206895 1.2260536  1.2820513
 0.5628518  1.242236   1.7760618  0.5870842  1.722488   0.78354555
 1.6472868 ]and 35477 other unique values... 
Column percent_rrna contains the unique values [46.644844 58.78071  55.829384 67.39942  67.35501  36.277874 46.48148
 29.93688  36.918606 45.419846 52.672413 35.115208 41.061947 29.529617
 32.94011  23.589342 44.980843 39.250492 38.742966 10.913931 35.521236
 38.16047  39.04306  39.86288  33.720932]and 41986 other unique values... 
Column seurat_clusters contains the unique values ['12', '9', '18', '21', '29', ..., '13', '11', '22', '26', '27']
Length: 25
Categories (30, object): ['0', '1', '2', '3', ..., '26', '27', '28', '29']and 5 other unique values... 
Column singler contains the unique values ['Erythroblast', 'B_cell', 'NK_cell', 'Monocyte', 'T_cells', ..., 'Pro-Myelocyte', 'Endothelial_cells', 'BM & Prog.', 'DC', 'HSC_CD34+']
Length: 21
Categories (21, object): ['BM', 'BM & Prog.', 'B_cell', 'CMP', ..., 'Pre-B_cell_CD34-',
                          'Pro-B_cell_CD34+', 'Pro-Myelocyte', 'T_cells'] 

✅ Loaded ../example/covid19.h5ad
Running DeepResearch...
✅ DeepResearch completed
DEEPRESEARCH BACKGROUND:  **Biological background:** Severe COVID-19 is characterized by diffuse lung injury (ARDS) caused by 
🧠 Generating new analysis idea...

🚀 Executing Analysis 1
✅ Persistent kernel started
🚀 Beginning step 1...
🚀 Generated Initial Analysis Plan for Analysis 1
🚀 Beginning step 2...
🚀 Generated Initial Analysis Plan for Analysis 1
🚀 Beginning step 3...
⚠️ Code errored with: KeyError: "None of [Index(['COVID'], dtype='object')] are in the [columns]"
  🔧 Fix attempt 1/3
  ✅ Fix successful on attempt 1
🚀 Generated Initial Analysis Plan for Analysis 1
🚀 Beginning step 4...
🚀 Generated Initial Analysis Plan for Analysis 1
🚀 Beginning step 5...
🚀 Generated Initial Analysis Plan for Analysis 1
🚀 Beginning step 6...
🚀 Generated Initial Analysis Plan for Analysis 1
🚀 Beginning step 7...
🚀 Generated Initial Analysis Plan for Analysis 1
🚀 Beginning step 8...
💾 Saved notebook to: covid_ablation_081225/test_results_no_vlm_20250812_113702/outputs/test_no_vlm_20250812_113718/test_no_vlm_analysis_1.ipynb
✅ Persistent kernel stopped
✅ Completed Analysis 1
🧠 Generating new analysis idea...

🚀 Executing Analysis 2
✅ Persistent kernel started
🚀 Beginning step 1...
⚠️ Code errored with: ValueError: Did not find `adata.var['highly_variable']`. Either add the mask first to `adata.var`or consider using the mask argument with a boolean array.
  🔧 Fix attempt 1/3
  ❌ Fix attempt 1 failed
  🔧 Fix attempt 2/3
  ❌ Fix attempt 2 failed
  🔧 Fix attempt 3/3
  ✅ Fix successful on attempt 3
🚀 Generated Initial Analysis Plan for Analysis 2
🚀 Beginning step 2...
⚠️ Code errored with: ValueError: Multi-dimensional indexing (e.g. `obj[:, None]`) is no longer supported. Convert to a numpy array before indexing instead.
  🔧 Fix attempt 1/3
  ✅ Fix successful on attempt 1
🚀 Generated Initial Analysis Plan for Analysis 2
🚀 Beginning step 3...
⚠️ Documentation extraction failed: No module named 'scvelo'
🚀 Generated Initial Analysis Plan for Analysis 2
🚀 Beginning step 4...
⚠️ Code errored with: ModuleNotFoundError: No module named 'scvelo'
  🔧 Fix attempt 1/3
⚠️ Documentation extraction failed: No module named 'scvelo'
  ✅ Fix successful on attempt 1
🚀 Generated Initial Analysis Plan for Analysis 2
🚀 Beginning step 5...
🚀 Generated Initial Analysis Plan for Analysis 2
🚀 Beginning step 6...
⚠️ Code errored with: OSError: Cannot save file into a non-existent directory: '../output'
  🔧 Fix attempt 1/3
  ✅ Fix successful on attempt 1
🚀 Generated Initial Analysis Plan for Analysis 2
🚀 Beginning step 7...
🚀 Generated Initial Analysis Plan for Analysis 2
🚀 Beginning step 8...
⚠️ Code errored with: KeyError: "Values [np.str_('ATP5F1A')], from [np.str_('NDUFA1'), np.str_('SDHB'), np.str_('COX4I1'), np.str_('ATP5F1A')], are not valid obs/ var names or indices."
  🔧 Fix attempt 1/3
  ❌ Fix attempt 1 failed
  🔧 Fix attempt 2/3
❌ Error during agent execution: Error code: 400 - {'error': {'message': "This model's maximum context length is 128000 tokens. However, your messages resulted in 252359 tokens. Please reduce the length of the messages.", 'type': 'invalid_request_error', 'param': 'messages', 'code': 'context_length_exceeded'}}
💾 Results saved to: covid_ablation_081225/results_no_vlm.json
📊 NO_VLM Results:
   Final Success Rate: 0.00%
   Total Failure Rate: 0.00%
   Final Successful Cells: 0
   Total Failures: 0
   Total Attempts: 0
✅ Ablation test no_vlm completed!
