🚀 Running ablation test: no_critique
   Self-critique: ❌
   VLM: ✅
   Analyses: 25
   Max iterations: 8

🧪 Testing no_critique...
   Self-critique: ❌
   VLM: ✅
Loading anndata .obs for summarization...
Loaded obs data: 73180 rows × 5 columns
ADATA SUMMARY:  Below is a description of the columns in adata.obs: 
Column cell_name contains the unique values ['14_AAACCCAAGTAATACG' '14_AAACCCAGTCCTTAAG' '14_AAACGAAAGGCGATAC'
 '14_AAACGCTAGACTGTTC' '14_AAACGCTAGAGTGTTA' '14_AAACGCTAGTCTAGCT'
 '14_AAACGCTGTTGTGGCC' '14_AAACGCTTCTTGCAGA' '14_AAAGAACAGCTCCGAC'
 '14_AAAGAACAGGTACTGG' '14_AAAGAACAGTTGGGAC' '14_AAAGAACCATCGAGCC'
 '14_AAAGGATAGGTTGCCC' '14_AAAGGATCAGCTTTGA' '14_AAAGGATGTTTAAGGA'
 '14_AAAGGATTCCATTGTT' '14_AAAGGATTCGCGTTTC' '14_AAAGGGCCACTTGTCC'
 '14_AAAGGGCGTGTAGTGG' '14_AAAGGGCGTTTCTATC' '14_AAAGGTATCAGACAAA'
 '14_AAAGGTATCCAAACCA' '14_AAAGTCCGTTAGAGTA' '14_AAAGTCCTCATGGATC'
 '14_AAAGTCCTCATTTCCA']and 73155 other unique values... 
Column cell_type contains the unique values ['Stromal fibroblasts' 'Unciliated epithelia 1' 'Unciliated epithelia 2'
 'Endothelia' 'Lymphocytes' 'Ciliated' 'Smooth muscle cells' 'Macrophages'
 'Unciliated epithelia'] 
Column dataset contains the unique values ['10x' 'C1'] 
Column day contains the unique values [17 22 20 23 19 26 16 10  4 21 11  7 25 15 24  9 27] 
Column donor contains the unique values [14 19 20 29 39 41 57 58 60 63 13  7 12  6  4 26 15  8 30 38 40 11  5 33
 59]and 2 other unique values... 

✅ Loaded /scratch/groups/jamesz/scAgent/endo_data.h5ad
Running DeepResearch...
✅ DeepResearch completed
DEEPRESEARCH BACKGROUND:  **Additional biological context:** The endometrium is dynamically remodeled each menstrual cycle und

🚀 Starting Analysis 1
✅ Persistent kernel started
🚫 Skipping feedback on next step (no self-critique)
🚀 Beginning step 1...
⚠️ Code errored with: AttributeError: module 'celltypist' has no attribute 'load_model'
  🔧 Fix attempt 1/3
  ❌ Fix attempt 1 failed
  🔧 Fix attempt 2/3
  ❌ Fix attempt 2 failed
  🔧 Fix attempt 3/3
  ✅ Fix successful on attempt 3
🚫 Skipping feedback on next step (no self-critique)
🚀 Beginning step 2...
⚠️ Code errored with: ValueError: Could not calculate statistics for groups Treg(diff), Proliferative germinal center B cells since they only contain one sample.
  🔧 Fix attempt 1/3
  ❌ Fix attempt 1 failed
  🔧 Fix attempt 2/3
  ❌ Fix attempt 2 failed
  🔧 Fix attempt 3/3
  ❌ Fix attempt 3 failed
  ⚠️ Failed to fix after 3 attempts. Moving to next iteration.
🚫 Skipping feedback on next step (no self-critique)
🚀 Beginning step 3...
⚠️ Code errored with: FileNotFoundError: 🛑 No such file: Endometrium_Immune_Cycle.pkl
  🔧 Fix attempt 1/3
  ❌ Fix attempt 1 failed
  🔧 Fix attempt 2/3
  ❌ Fix attempt 2 failed
  🔧 Fix attempt 3/3
  ❌ Fix attempt 3 failed
  ⚠️ Failed to fix after 3 attempts. Moving to next iteration.
🚫 Skipping feedback on next step (no self-critique)
🚀 Beginning step 4...
⚠️ Code errored with: ValueError: Please run `adata = adata.copy()` or use the copy option in this function.
  🔧 Fix attempt 1/3
  ✅ Fix successful on attempt 1
🚫 Skipping feedback on next step (no self-critique)
🚀 Beginning step 5...
🚫 Skipping feedback on next step (no self-critique)
🚀 Beginning step 6...
🚫 Skipping feedback on next step (no self-critique)
🚀 Beginning step 7...
🚫 Skipping feedback on next step (no self-critique)
🚀 Beginning step 8...
💾 Saved notebook to: endo_ablation_081025/test_results_no_critique_20250810_005316/outputs/test_no_critique_20250810_005336/test_no_critique_analysis_1.ipynb
✅ Persistent kernel stopped
✅ Completed Analysis 1

🚀 Starting Analysis 2
✅ Persistent kernel started
🚫 Skipping feedback on next step (no self-critique)
🚀 Beginning step 1...
⚠️ Code errored with: ImportError: Please install skmisc package via `pip install --user scikit-misc
  🔧 Fix attempt 1/3
  ❌ Fix attempt 1 failed
  🔧 Fix attempt 2/3
  ❌ Fix attempt 2 failed
  🔧 Fix attempt 3/3
  ❌ Fix attempt 3 failed
  ⚠️ Failed to fix after 3 attempts. Moving to next iteration.
🚫 Skipping feedback on next step (no self-critique)
🚀 Beginning step 2...
⚠️ Code errored with: ValueError: `A` must be of floating or complex floating data type.
  🔧 Fix attempt 1/3
  ✅ Fix successful on attempt 1
🚫 Skipping feedback on next step (no self-critique)
🚀 Beginning step 3...
🚫 Skipping feedback on next step (no self-critique)
🚀 Beginning step 4...
⚠️ Code errored with: TypeError: rank_genes_groups_violin() got an unexpected keyword argument 'groupby'
  🔧 Fix attempt 1/3
  ✅ Fix successful on attempt 1
🚫 Skipping feedback on next step (no self-critique)
🚀 Beginning step 5...
🚫 Skipping feedback on next step (no self-critique)
🚀 Beginning step 6...
⚠️ Code errored with: KeyError: 'Could not find key dpt_pseudotime in .var_names or .obs.columns.'
  🔧 Fix attempt 1/3
  ❌ Fix attempt 1 failed
  🔧 Fix attempt 2/3
  ❌ Fix attempt 2 failed
  🔧 Fix attempt 3/3
  ❌ Fix attempt 3 failed
  ⚠️ Failed to fix after 3 attempts. Moving to next iteration.
🚫 Skipping feedback on next step (no self-critique)
🚀 Beginning step 7...
🚫 Skipping feedback on next step (no self-critique)
🚀 Beginning step 8...
⚠️ Code errored with: AttributeError: Can only use .cat accessor with a 'category' dtype
  🔧 Fix attempt 1/3
  ❌ Fix attempt 1 failed
  🔧 Fix attempt 2/3
  ❌ Fix attempt 2 failed
  🔧 Fix attempt 3/3
  ✅ Fix successful on attempt 3
💾 Saved notebook to: endo_ablation_081025/test_results_no_critique_20250810_005316/outputs/test_no_critique_20250810_005336/test_no_critique_analysis_2.ipynb
✅ Persistent kernel stopped
✅ Completed Analysis 2

🚀 Starting Analysis 3
✅ Persistent kernel started
🚫 Skipping feedback on next step (no self-critique)
🚀 Beginning step 1...
⚠️ Code errored with: AttributeError: module 'celltypist.models' has no attribute 'load_model'
  🔧 Fix attempt 1/3
  ❌ Fix attempt 1 failed
  🔧 Fix attempt 2/3
  ❌ Fix attempt 2 failed
  🔧 Fix attempt 3/3
  ❌ Fix attempt 3 failed
  ⚠️ Failed to fix after 3 attempts. Moving to next iteration.
🚫 Skipping feedback on next step (no self-critique)
🚀 Beginning step 2...
⚠️ Code errored with: FileNotFoundError: 🛑 No such file: Immune_all_v1
  🔧 Fix attempt 1/3
  ❌ Fix attempt 1 failed
  🔧 Fix attempt 2/3
  ❌ Fix attempt 2 failed
  🔧 Fix attempt 3/3
  ❌ Fix attempt 3 failed
  ⚠️ Failed to fix after 3 attempts. Moving to next iteration.
🚫 Skipping feedback on next step (no self-critique)
🚀 Beginning step 3...
⚠️ Code errored with: ValueError: `method` needs to be one of {'umap', 'gauss'}.
  🔧 Fix attempt 1/3
  ✅ Fix successful on attempt 1
🚫 Skipping feedback on next step (no self-critique)
🚀 Beginning step 4...
🚫 Skipping feedback on next step (no self-critique)
🚀 Beginning step 5...
⚠️ Code errored with: KeyError: "Could not find keys '[np.str_('leiden')]' in columns of `adata.obs` or in adata.var_names."
  🔧 Fix attempt 1/3
  ❌ Fix attempt 1 failed
  🔧 Fix attempt 2/3
  ❌ Fix attempt 2 failed
  🔧 Fix attempt 3/3
  ❌ Fix attempt 3 failed
  ⚠️ Failed to fix after 3 attempts. Moving to next iteration.
🚫 Skipping feedback on next step (no self-critique)
🚀 Beginning step 6...
⚠️ Code errored with: KeyError: 'Could not find key immune_subtypes in .var_names or .obs.columns.'
  🔧 Fix attempt 1/3
  ✅ Fix successful on attempt 1
🚫 Skipping feedback on next step (no self-critique)
🚀 Beginning step 7...
🚫 Skipping feedback on next step (no self-critique)
🚀 Beginning step 8...
💾 Saved notebook to: endo_ablation_081025/test_results_no_critique_20250810_005316/outputs/test_no_critique_20250810_005336/test_no_critique_analysis_3.ipynb
✅ Persistent kernel stopped
✅ Completed Analysis 3

🚀 Starting Analysis 4
✅ Persistent kernel started
🚫 Skipping feedback on next step (no self-critique)
🚀 Beginning step 1...
⚠️ Code errored with: ValueError: cannot specify integer `bins` when input data contains infinity
  🔧 Fix attempt 1/3
  ❌ Fix attempt 1 failed
  🔧 Fix attempt 2/3
  ✅ Fix successful on attempt 2
🚫 Skipping feedback on next step (no self-critique)
🚀 Beginning step 2...
🚫 Skipping feedback on next step (no self-critique)
🚀 Beginning step 3...
⚠️ Code errored with: ValueError: `A` must be of floating or complex floating data type.
  🔧 Fix attempt 1/3
  ❌ Fix attempt 1 failed
  🔧 Fix attempt 2/3
  ❌ Fix attempt 2 failed
  🔧 Fix attempt 3/3
  ❌ Fix attempt 3 failed
  ⚠️ Failed to fix after 3 attempts. Moving to next iteration.
🚫 Skipping feedback on next step (no self-critique)
🚀 Beginning step 4...
🚫 Skipping feedback on next step (no self-critique)
🚀 Beginning step 5...
🚫 Skipping feedback on next step (no self-critique)
🚀 Beginning step 6...
🚫 Skipping feedback on next step (no self-critique)
🚀 Beginning step 7...
🚫 Skipping feedback on next step (no self-critique)
🚀 Beginning step 8...
💾 Saved notebook to: endo_ablation_081025/test_results_no_critique_20250810_005316/outputs/test_no_critique_20250810_005336/test_no_critique_analysis_4.ipynb
✅ Persistent kernel stopped
✅ Completed Analysis 4

🚀 Starting Analysis 5
✅ Persistent kernel started
🚫 Skipping feedback on next step (no self-critique)
🚀 Beginning step 1...
🚫 Skipping feedback on next step (no self-critique)
🚀 Beginning step 2...
🚫 Skipping feedback on next step (no self-critique)
🚀 Beginning step 3...
🚫 Skipping feedback on next step (no self-critique)
🚀 Beginning step 4...
🚫 Skipping feedback on next step (no self-critique)
🚀 Beginning step 5...
🚫 Skipping feedback on next step (no self-critique)
🚀 Beginning step 6...
🚫 Skipping feedback on next step (no self-critique)
🚀 Beginning step 7...
🚫 Skipping feedback on next step (no self-critique)
🚀 Beginning step 8...
💾 Saved notebook to: endo_ablation_081025/test_results_no_critique_20250810_005316/outputs/test_no_critique_20250810_005336/test_no_critique_analysis_5.ipynb
✅ Persistent kernel stopped
✅ Completed Analysis 5

🚀 Starting Analysis 6
✅ Persistent kernel started
🚫 Skipping feedback on next step (no self-critique)
🚀 Beginning step 1...
⚠️ Code errored with: ImportError: Please install skmisc package via `pip install --user scikit-misc
  🔧 Fix attempt 1/3
  ❌ Fix attempt 1 failed
  🔧 Fix attempt 2/3
  ❌ Fix attempt 2 failed
  🔧 Fix attempt 3/3
  ❌ Fix attempt 3 failed
  ⚠️ Failed to fix after 3 attempts. Moving to next iteration.
🚫 Skipping feedback on next step (no self-critique)
🚀 Beginning step 2...
⚠️ Code errored with: ValueError: cannot specify integer `bins` when input data contains infinity
  🔧 Fix attempt 1/3
  ❌ Fix attempt 1 failed
  🔧 Fix attempt 2/3
  ❌ Fix attempt 2 failed
  🔧 Fix attempt 3/3
  ❌ Fix attempt 3 failed
  ⚠️ Failed to fix after 3 attempts. Moving to next iteration.
🚫 Skipping feedback on next step (no self-critique)
🚀 Beginning step 3...
🚫 Skipping feedback on next step (no self-critique)
🚀 Beginning step 4...
⚠️ Code errored with: NameError: name 'data_unciliated' is not defined
  🔧 Fix attempt 1/3
  ❌ Fix attempt 1 failed
  🔧 Fix attempt 2/3
  ✅ Fix successful on attempt 2
🚫 Skipping feedback on next step (no self-critique)
🚀 Beginning step 5...
⚠️ Code errored with: KeyError: 'leiden_clustering'
  🔧 Fix attempt 1/3
  ❌ Fix attempt 1 failed
  🔧 Fix attempt 2/3
  ❌ Fix attempt 2 failed
  🔧 Fix attempt 3/3
  ❌ Fix attempt 3 failed
  ⚠️ Failed to fix after 3 attempts. Moving to next iteration.
🚫 Skipping feedback on next step (no self-critique)
🚀 Beginning step 6...
⚠️ Code errored with: ValueError: `A` must be of floating or complex floating data type.
  🔧 Fix attempt 1/3
  ✅ Fix successful on attempt 1
🚫 Skipping feedback on next step (no self-critique)
🚀 Beginning step 7...
⚠️ Code errored with: KeyError: 'dpt_pseudotime'
  🔧 Fix attempt 1/3
  ❌ Fix attempt 1 failed
  🔧 Fix attempt 2/3
  ❌ Fix attempt 2 failed
  🔧 Fix attempt 3/3
  ❌ Fix attempt 3 failed
  ⚠️ Failed to fix after 3 attempts. Moving to next iteration.
🚫 Skipping feedback on next step (no self-critique)
🚀 Beginning step 8...
💾 Saved notebook to: endo_ablation_081025/test_results_no_critique_20250810_005316/outputs/test_no_critique_20250810_005336/test_no_critique_analysis_6.ipynb
✅ Persistent kernel stopped
✅ Completed Analysis 6

🚀 Starting Analysis 7
✅ Persistent kernel started
🚫 Skipping feedback on next step (no self-critique)
🚀 Beginning step 1...
⚠️ Code errored with: AttributeError: type object 'Model' has no attribute 'load_default'
  🔧 Fix attempt 1/3
  ❌ Fix attempt 1 failed
  🔧 Fix attempt 2/3
  ❌ Fix attempt 2 failed
  🔧 Fix attempt 3/3
  ✅ Fix successful on attempt 3
🚫 Skipping feedback on next step (no self-critique)
🚀 Beginning step 2...
🚫 Skipping feedback on next step (no self-critique)
🚀 Beginning step 3...
🚫 Skipping feedback on next step (no self-critique)
🚀 Beginning step 4...
⚠️ Code errored with: ValueError: Could not calculate statistics for groups Treg(diff), Proliferative germinal center B cells since they only contain one sample.
  🔧 Fix attempt 1/3
  ✅ Fix successful on attempt 1
🚫 Skipping feedback on next step (no self-critique)
🚀 Beginning step 5...
⚠️ Code errored with: ValueError: You need to run `pp.neighbors` first to compute a neighborhood graph.
  🔧 Fix attempt 1/3
  ❌ Fix attempt 1 failed
  🔧 Fix attempt 2/3
  ❌ Fix attempt 2 failed
  🔧 Fix attempt 3/3
  ❌ Fix attempt 3 failed
  ⚠️ Failed to fix after 3 attempts. Moving to next iteration.
🚫 Skipping feedback on next step (no self-critique)
🚀 Beginning step 6...
🚫 Skipping feedback on next step (no self-critique)
🚀 Beginning step 7...
🚫 Skipping feedback on next step (no self-critique)
🚀 Beginning step 8...
⚠️ Code errored with: ValueError: no field of name endothelial_clusters
  🔧 Fix attempt 1/3
  ❌ Fix attempt 1 failed
  🔧 Fix attempt 2/3
  ✅ Fix successful on attempt 2
💾 Saved notebook to: endo_ablation_081025/test_results_no_critique_20250810_005316/outputs/test_no_critique_20250810_005336/test_no_critique_analysis_7.ipynb
✅ Persistent kernel stopped
✅ Completed Analysis 7

🚀 Starting Analysis 8
✅ Persistent kernel started
🚫 Skipping feedback on next step (no self-critique)
🚀 Beginning step 1...
🚫 Skipping feedback on next step (no self-critique)
🚀 Beginning step 2...
🚫 Skipping feedback on next step (no self-critique)
🚀 Beginning step 3...
⚠️ Code errored with: KeyError: "None of [Index(['s'], dtype='object')] are in the [columns]"
  🔧 Fix attempt 1/3
  ❌ Fix attempt 1 failed
  🔧 Fix attempt 2/3
  ❌ Fix attempt 2 failed
  🔧 Fix attempt 3/3
  ✅ Fix successful on attempt 3
🚫 Skipping feedback on next step (no self-critique)
🚀 Beginning step 4...
🚫 Skipping feedback on next step (no self-critique)
🚀 Beginning step 5...
⚠️ Code errored with: KeyError: 'connectivities'
  🔧 Fix attempt 1/3
  ❌ Fix attempt 1 failed
  🔧 Fix attempt 2/3
  ❌ Fix attempt 2 failed
  🔧 Fix attempt 3/3
  ✅ Fix successful on attempt 3
🚫 Skipping feedback on next step (no self-critique)
🚀 Beginning step 6...
🚫 Skipping feedback on next step (no self-critique)
🚀 Beginning step 7...
⚠️ Code errored with: ValueError: No valid genes were passed for scoring.
  🔧 Fix attempt 1/3
  ❌ Fix attempt 1 failed
  🔧 Fix attempt 2/3
  ✅ Fix successful on attempt 2
🚫 Skipping feedback on next step (no self-critique)
🚀 Beginning step 8...
💾 Saved notebook to: endo_ablation_081025/test_results_no_critique_20250810_005316/outputs/test_no_critique_20250810_005336/test_no_critique_analysis_8.ipynb
✅ Persistent kernel stopped
✅ Completed Analysis 8

🚀 Starting Analysis 9
✅ Persistent kernel started
🚫 Skipping feedback on next step (no self-critique)
🚀 Beginning step 1...
⚠️ Code errored with: AttributeError: module 'celltypist.models' has no attribute 'download_model'
  🔧 Fix attempt 1/3
  ❌ Fix attempt 1 failed
  🔧 Fix attempt 2/3
  ❌ Fix attempt 2 failed
  🔧 Fix attempt 3/3
  ❌ Fix attempt 3 failed
  ⚠️ Failed to fix after 3 attempts. Moving to next iteration.
🚫 Skipping feedback on next step (no self-critique)
🚀 Beginning step 2...
⚠️ Code errored with: KeyError: 'Could not find key refined_cell_type in .var_names or .obs.columns.'
  🔧 Fix attempt 1/3
  ❌ Fix attempt 1 failed
  🔧 Fix attempt 2/3
  ❌ Fix attempt 2 failed
  🔧 Fix attempt 3/3
  ❌ Fix attempt 3 failed
  ⚠️ Failed to fix after 3 attempts. Moving to next iteration.
🚫 Skipping feedback on next step (no self-critique)
🚀 Beginning step 3...
⚠️ Code errored with: KeyError: 'Could not find key refined_cell_type in .var_names or .obs.columns.'
  🔧 Fix attempt 1/3
  ✅ Fix successful on attempt 1
🚫 Skipping feedback on next step (no self-critique)
🚀 Beginning step 4...
⚠️ Code errored with: FileNotFoundError: 🛑 No such file: Immune_All_LowestPMP
  🔧 Fix attempt 1/3
  ❌ Fix attempt 1 failed
  🔧 Fix attempt 2/3
  ❌ Fix attempt 2 failed
  🔧 Fix attempt 3/3
  ❌ Fix attempt 3 failed
  ⚠️ Failed to fix after 3 attempts. Moving to next iteration.
🚫 Skipping feedback on next step (no self-critique)
🚀 Beginning step 5...
🚫 Skipping feedback on next step (no self-critique)
🚀 Beginning step 6...
⚠️ Code errored with: KeyError: 'refined_cell_type'
  🔧 Fix attempt 1/3
  ❌ Fix attempt 1 failed
  🔧 Fix attempt 2/3
  ❌ Fix attempt 2 failed
  🔧 Fix attempt 3/3
  ❌ Fix attempt 3 failed
  ⚠️ Failed to fix after 3 attempts. Moving to next iteration.
🚫 Skipping feedback on next step (no self-critique)
🚀 Beginning step 7...
⚠️ Code errored with: ValueError: No valid genes were passed for scoring.
  🔧 Fix attempt 1/3
  ✅ Fix successful on attempt 1
🚫 Skipping feedback on next step (no self-critique)
🚀 Beginning step 8...
💾 Saved notebook to: endo_ablation_081025/test_results_no_critique_20250810_005316/outputs/test_no_critique_20250810_005336/test_no_critique_analysis_9.ipynb
✅ Persistent kernel stopped
✅ Completed Analysis 9

🚀 Starting Analysis 10
✅ Persistent kernel started
🚫 Skipping feedback on next step (no self-critique)
🚀 Beginning step 1...
🚫 Skipping feedback on next step (no self-critique)
🚀 Beginning step 2...
🚫 Skipping feedback on next step (no self-critique)
🚀 Beginning step 3...
🚫 Skipping feedback on next step (no self-critique)
🚀 Beginning step 4...
🚫 Skipping feedback on next step (no self-critique)
🚀 Beginning step 5...
🚫 Skipping feedback on next step (no self-critique)
🚀 Beginning step 6...
⚠️ Code errored with: ValueError: `A` must be of floating or complex floating data type.
  🔧 Fix attempt 1/3
  ❌ Fix attempt 1 failed
  🔧 Fix attempt 2/3
  ❌ Fix attempt 2 failed
  🔧 Fix attempt 3/3
  ❌ Fix attempt 3 failed
  ⚠️ Failed to fix after 3 attempts. Moving to next iteration.
🚫 Skipping feedback on next step (no self-critique)
🚀 Beginning step 7...
⚠️ Code errored with: ValueError: `A` must be of floating or complex floating data type.
  🔧 Fix attempt 1/3
  ❌ Fix attempt 1 failed
  🔧 Fix attempt 2/3
  ❌ Fix attempt 2 failed
  🔧 Fix attempt 3/3
  ❌ Fix attempt 3 failed
  ⚠️ Failed to fix after 3 attempts. Moving to next iteration.
🚫 Skipping feedback on next step (no self-critique)
🚀 Beginning step 8...
⚠️ Code errored with: ValueError: Expected parameter loc (Tensor of shape (128, 10)) of distribution Normal(loc: torch.Size([128, 10]), scale: torch.Size([128, 10])) to satisfy the constraint Real(), but found invalid values:
tensor([[nan, nan, nan,  ..., nan, nan, nan],
        [nan, nan, nan,  ..., nan, nan, nan],
        [nan, nan, nan,  ..., nan, nan, nan],
        ...,
        [nan, nan, nan,  ..., nan, nan, nan],
        [nan, nan, nan,  ..., nan, nan, nan],
        [nan, nan, nan,  ..., nan, nan, nan]], grad_fn=<AddmmBackward0>)
  🔧 Fix attempt 1/3
  ❌ Fix attempt 1 failed
  🔧 Fix attempt 2/3
  ❌ Fix attempt 2 failed
  🔧 Fix attempt 3/3
  ❌ Fix attempt 3 failed
  ⚠️ Failed to fix after 3 attempts. Moving to next iteration.
💾 Saved notebook to: endo_ablation_081025/test_results_no_critique_20250810_005316/outputs/test_no_critique_20250810_005336/test_no_critique_analysis_10.ipynb
✅ Persistent kernel stopped
✅ Completed Analysis 10

🚀 Starting Analysis 11
✅ Persistent kernel started
🚫 Skipping feedback on next step (no self-critique)
🚀 Beginning step 1...
🚫 Skipping feedback on next step (no self-critique)
🚀 Beginning step 2...
🚫 Skipping feedback on next step (no self-critique)
🚀 Beginning step 3...
🚫 Skipping feedback on next step (no self-critique)
🚀 Beginning step 4...
🚫 Skipping feedback on next step (no self-critique)
🚀 Beginning step 5...
⚠️ Code errored with: NotImplementedError: adding a nonzero scalar to a sparse array is not supported
  🔧 Fix attempt 1/3
  ❌ Fix attempt 1 failed
  🔧 Fix attempt 2/3
  ❌ Fix attempt 2 failed
  🔧 Fix attempt 3/3
  ❌ Fix attempt 3 failed
  ⚠️ Failed to fix after 3 attempts. Moving to next iteration.
🚫 Skipping feedback on next step (no self-critique)
🚀 Beginning step 6...
🚫 Skipping feedback on next step (no self-critique)
🚀 Beginning step 7...
⚠️ Code errored with: TypeError: dpt_groups_pseudotime() got an unexpected keyword argument 'color'
  🔧 Fix attempt 1/3
  ❌ Fix attempt 1 failed
  🔧 Fix attempt 2/3
  ❌ Fix attempt 2 failed
  🔧 Fix attempt 3/3
  ❌ Fix attempt 3 failed
  ⚠️ Failed to fix after 3 attempts. Moving to next iteration.
🚫 Skipping feedback on next step (no self-critique)
🚀 Beginning step 8...
💾 Saved notebook to: endo_ablation_081025/test_results_no_critique_20250810_005316/outputs/test_no_critique_20250810_005336/test_no_critique_analysis_11.ipynb
✅ Persistent kernel stopped
✅ Completed Analysis 11

🚀 Starting Analysis 12
✅ Persistent kernel started
🚫 Skipping feedback on next step (no self-critique)
🚀 Beginning step 1...
⚠️ Code errored with: ValueError: The column `adata.obs['day']` needs to be categorical, but is of dtype int64.
  🔧 Fix attempt 1/3
  ✅ Fix successful on attempt 1
🚫 Skipping feedback on next step (no self-critique)
🚀 Beginning step 2...
⚠️ Code errored with: ValueError: `A` must be of floating or complex floating data type.
  🔧 Fix attempt 1/3
  ❌ Fix attempt 1 failed
  🔧 Fix attempt 2/3
  ❌ Fix attempt 2 failed
  🔧 Fix attempt 3/3
  ❌ Fix attempt 3 failed
  ⚠️ Failed to fix after 3 attempts. Moving to next iteration.
🚫 Skipping feedback on next step (no self-critique)
🚀 Beginning step 3...
⚠️ Code errored with: AttributeError: 'SparseCSRView' object has no attribute 'flatten'
  🔧 Fix attempt 1/3
  ❌ Fix attempt 1 failed
  🔧 Fix attempt 2/3
  ✅ Fix successful on attempt 2
🚫 Skipping feedback on next step (no self-critique)
🚀 Beginning step 4...
🚫 Skipping feedback on next step (no self-critique)
🚀 Beginning step 5...
🚫 Skipping feedback on next step (no self-critique)
🚀 Beginning step 6...
🚫 Skipping feedback on next step (no self-critique)
🚀 Beginning step 7...
🚫 Skipping feedback on next step (no self-critique)
🚀 Beginning step 8...
💾 Saved notebook to: endo_ablation_081025/test_results_no_critique_20250810_005316/outputs/test_no_critique_20250810_005336/test_no_critique_analysis_12.ipynb
✅ Persistent kernel stopped
✅ Completed Analysis 12

🚀 Starting Analysis 13
✅ Persistent kernel started
🚫 Skipping feedback on next step (no self-critique)
🚀 Beginning step 1...
⚠️ Code errored with: ModuleNotFoundError: No module named 'scvelo'
  🔧 Fix attempt 1/3
  ✅ Fix successful on attempt 1
🚫 Skipping feedback on next step (no self-critique)
🚀 Beginning step 2...
🚫 Skipping feedback on next step (no self-critique)
🚀 Beginning step 3...
⚠️ Code errored with: ValueError: The arguments n_genes and var_names are mutually exclusive. Please select only one.
  🔧 Fix attempt 1/3
  ✅ Fix successful on attempt 1
🚫 Skipping feedback on next step (no self-critique)
🚀 Beginning step 4...
⚠️ Code errored with: KeyError: nan
  🔧 Fix attempt 1/3
  ✅ Fix successful on attempt 1
🚫 Skipping feedback on next step (no self-critique)
🚀 Beginning step 5...
🚫 Skipping feedback on next step (no self-critique)
🚀 Beginning step 6...
⚠️ Code errored with: TypeError: rank_genes_groups_violin() got an unexpected keyword argument 'groupby'
  🔧 Fix attempt 1/3
  ❌ Fix attempt 1 failed
  🔧 Fix attempt 2/3
  ✅ Fix successful on attempt 2
🚫 Skipping feedback on next step (no self-critique)
🚀 Beginning step 7...
⚠️ Code errored with: ValueError: When .uns['spatial'][library_id] does not exist, spot_size must be provided directly.
  🔧 Fix attempt 1/3
  ❌ Fix attempt 1 failed
  🔧 Fix attempt 2/3
  ❌ Fix attempt 2 failed
  🔧 Fix attempt 3/3
  ❌ Fix attempt 3 failed
  ⚠️ Failed to fix after 3 attempts. Moving to next iteration.
🚫 Skipping feedback on next step (no self-critique)
🚀 Beginning step 8...
💾 Saved notebook to: endo_ablation_081025/test_results_no_critique_20250810_005316/outputs/test_no_critique_20250810_005336/test_no_critique_analysis_13.ipynb
✅ Persistent kernel stopped
✅ Completed Analysis 13

🚀 Starting Analysis 14
✅ Persistent kernel started
🚫 Skipping feedback on next step (no self-critique)
🚀 Beginning step 1...
⚠️ Code errored with: ImportError: cannot import name 'infer' from 'celltypist' (/scratch/users/salber/packages/miniconda3/envs/CellVoyager/lib/python3.9/site-packages/celltypist/__init__.py)
  🔧 Fix attempt 1/3
  ❌ Fix attempt 1 failed
  🔧 Fix attempt 2/3
  ❌ Fix attempt 2 failed
  🔧 Fix attempt 3/3
  ❌ Fix attempt 3 failed
  ⚠️ Failed to fix after 3 attempts. Moving to next iteration.
🚫 Skipping feedback on next step (no self-critique)
🚀 Beginning step 2...
🚫 Skipping feedback on next step (no self-critique)
🚀 Beginning step 3...
⚠️ Code errored with: AttributeError: type object 'Model' has no attribute 'download_models'
  🔧 Fix attempt 1/3
  ❌ Fix attempt 1 failed
  🔧 Fix attempt 2/3
  ❌ Fix attempt 2 failed
  🔧 Fix attempt 3/3
  ❌ Fix attempt 3 failed
  ⚠️ Failed to fix after 3 attempts. Moving to next iteration.
🚫 Skipping feedback on next step (no self-critique)
🚀 Beginning step 4...
🚫 Skipping feedback on next step (no self-critique)
🚀 Beginning step 5...
⚠️ Code errored with: ModuleNotFoundError: No module named 'scvelo'
  🔧 Fix attempt 1/3
  ❌ Fix attempt 1 failed
  🔧 Fix attempt 2/3
  ❌ Fix attempt 2 failed
  🔧 Fix attempt 3/3
  ❌ Fix attempt 3 failed
  ⚠️ Failed to fix after 3 attempts. Moving to next iteration.
🚫 Skipping feedback on next step (no self-critique)
🚀 Beginning step 6...
🚫 Skipping feedback on next step (no self-critique)
🚀 Beginning step 7...
⚠️ Code errored with: ValueError: No valid genes were passed for scoring.
  🔧 Fix attempt 1/3
  ❌ Fix attempt 1 failed
  🔧 Fix attempt 2/3
  ❌ Fix attempt 2 failed
  🔧 Fix attempt 3/3
  ❌ Fix attempt 3 failed
  ⚠️ Failed to fix after 3 attempts. Moving to next iteration.
🚫 Skipping feedback on next step (no self-critique)
🚀 Beginning step 8...
⚠️ Code errored with: ImportError: Please install skmisc package via `pip install --user scikit-misc
  🔧 Fix attempt 1/3
  ❌ Fix attempt 1 failed
  🔧 Fix attempt 2/3
  ❌ Fix attempt 2 failed
  🔧 Fix attempt 3/3
  ❌ Fix attempt 3 failed
  ⚠️ Failed to fix after 3 attempts. Moving to next iteration.
💾 Saved notebook to: endo_ablation_081025/test_results_no_critique_20250810_005316/outputs/test_no_critique_20250810_005336/test_no_critique_analysis_14.ipynb
✅ Persistent kernel stopped
✅ Completed Analysis 14

🚀 Starting Analysis 15
✅ Persistent kernel started
🚫 Skipping feedback on next step (no self-critique)
🚀 Beginning step 1...
⚠️ Code errored with: ValueError: No valid genes were passed for scoring.
  🔧 Fix attempt 1/3
  ✅ Fix successful on attempt 1
🚫 Skipping feedback on next step (no self-critique)
🚀 Beginning step 2...
🚫 Skipping feedback on next step (no self-critique)
🚀 Beginning step 3...
🚫 Skipping feedback on next step (no self-critique)
🚀 Beginning step 4...
⚠️ Code errored with: AttributeError: Can only use .cat accessor with a 'category' dtype
  🔧 Fix attempt 1/3
  ❌ Fix attempt 1 failed
  🔧 Fix attempt 2/3
  ❌ Fix attempt 2 failed
  🔧 Fix attempt 3/3
  ❌ Fix attempt 3 failed
  ⚠️ Failed to fix after 3 attempts. Moving to next iteration.
🚫 Skipping feedback on next step (no self-critique)
🚀 Beginning step 5...
⚠️ Code errored with: TypeError: sparse array length is ambiguous; use getnnz() or shape[0]
  🔧 Fix attempt 1/3
  ❌ Fix attempt 1 failed
  🔧 Fix attempt 2/3
  ✅ Fix successful on attempt 2
🚫 Skipping feedback on next step (no self-critique)
🚀 Beginning step 6...
⚠️ Code errored with: IndexError: tuple index out of range
  🔧 Fix attempt 1/3
  ❌ Fix attempt 1 failed
  🔧 Fix attempt 2/3
  ❌ Fix attempt 2 failed
  🔧 Fix attempt 3/3
  ❌ Fix attempt 3 failed
  ⚠️ Failed to fix after 3 attempts. Moving to next iteration.
⚠️ API returned None response in generate_next_step
   Model: gpt-4o
   Response object: ChatCompletion(id='chatcmpl-C2y14YQM0jbZdzJE7oNru2Gfowklk', choices=[Choice(finish_reason='stop', index=0, logprobs=None, message=ChatCompletionMessage(content=None, refusal="I'm sorry, I'm unable to assist with that request.", role='assistant', annotations=[], audio=None, function_call=None, tool_calls=None))], created=1754823394, model='gpt-4o-2024-08-06', object='chat.completion', service_tier='default', system_fingerprint='fp_ff25b2783a', usage=CompletionUsage(completion_tokens=12, prompt_tokens=6142, total_tokens=6154, completion_tokens_details=CompletionTokensDetails(accepted_prediction_tokens=0, audio_tokens=0, reasoning_tokens=0, rejected_prediction_tokens=0), prompt_tokens_details=PromptTokensDetails(audio_tokens=0, cached_tokens=0)))
❌ Error during agent execution: OpenAI API returned None response for next step
💾 Results saved to: endo_ablation_081025/results_no_critique.json
📊 NO_CRITIQUE Results:
   Final Success Rate: 0.00%
   Total Failure Rate: 0.00%
   Final Successful Cells: 0
   Total Failures: 0
   Total Attempts: 0
✅ Ablation test no_critique completed!
