🚀 Running ablation test: no_vlm_no_critique
   Self-critique: ❌
   VLM: ❌
   Analyses: 25
   Max iterations: 8

🧪 Testing no_vlm_no_critique...
   Self-critique: ❌
   VLM: ❌
Loading anndata .obs for summarization...
Loaded obs data: 73180 rows × 5 columns
ADATA SUMMARY:  Below is a description of the columns in adata.obs: 
Column cell_name contains the unique values ['14_AAACCCAAGTAATACG' '14_AAACCCAGTCCTTAAG' '14_AAACGAAAGGCGATAC'
 '14_AAACGCTAGACTGTTC' '14_AAACGCTAGAGTGTTA' '14_AAACGCTAGTCTAGCT'
 '14_AAACGCTGTTGTGGCC' '14_AAACGCTTCTTGCAGA' '14_AAAGAACAGCTCCGAC'
 '14_AAAGAACAGGTACTGG' '14_AAAGAACAGTTGGGAC' '14_AAAGAACCATCGAGCC'
 '14_AAAGGATAGGTTGCCC' '14_AAAGGATCAGCTTTGA' '14_AAAGGATGTTTAAGGA'
 '14_AAAGGATTCCATTGTT' '14_AAAGGATTCGCGTTTC' '14_AAAGGGCCACTTGTCC'
 '14_AAAGGGCGTGTAGTGG' '14_AAAGGGCGTTTCTATC' '14_AAAGGTATCAGACAAA'
 '14_AAAGGTATCCAAACCA' '14_AAAGTCCGTTAGAGTA' '14_AAAGTCCTCATGGATC'
 '14_AAAGTCCTCATTTCCA']and 73155 other unique values... 
Column cell_type contains the unique values ['Stromal fibroblasts' 'Unciliated epithelia 1' 'Unciliated epithelia 2'
 'Endothelia' 'Lymphocytes' 'Ciliated' 'Smooth muscle cells' 'Macrophages'
 'Unciliated epithelia'] 
Column dataset contains the unique values ['10x' 'C1'] 
Column day contains the unique values [17 22 20 23 19 26 16 10  4 21 11  7 25 15 24  9 27] 
Column donor contains the unique values [14 19 20 29 39 41 57 58 60 63 13  7 12  6  4 26 15  8 30 38 40 11  5 33
 59]and 2 other unique values... 

✅ Loaded /scratch/groups/jamesz/scAgent/endo_data.h5ad

🚀 Starting Analysis 1
✅ Persistent kernel started
🚫 Skipping feedback on next step (no self-critique)
🚀 Beginning step 1...
⚠️ Code errored with: SyntaxError: f-string: unmatched '[' (3314760952.py, line 1)
  🔧 Fix attempt 1/3
  ✅ Fix successful on attempt 1
🚫 Skipping feedback on next step (no self-critique)
🚀 Beginning step 2...
⚠️ Code errored with: ValueError: Did not find X_pca in `.obsm.keys()`. You need to compute it first.
  🔧 Fix attempt 1/3
  ❌ Fix attempt 1 failed
  🔧 Fix attempt 2/3
  ✅ Fix successful on attempt 2
🚫 Skipping feedback on next step (no self-critique)
🚀 Beginning step 3...
🚫 Skipping feedback on next step (no self-critique)
🚀 Beginning step 4...
🚫 Skipping feedback on next step (no self-critique)
🚀 Beginning step 5...
🚫 Skipping feedback on next step (no self-critique)
🚀 Beginning step 6...
⚠️ Code errored with: ValueError: setting an array element with a sequence.
  🔧 Fix attempt 1/3
  ❌ Fix attempt 1 failed
  🔧 Fix attempt 2/3
  ❌ Fix attempt 2 failed
  🔧 Fix attempt 3/3
  ❌ Fix attempt 3 failed
  ⚠️ Failed to fix after 3 attempts. Moving to next iteration.
🚫 Skipping feedback on next step (no self-critique)
🚀 Beginning step 7...
⚠️ Code errored with: IndexError: index 0 is out of bounds for axis 0 with size 0
  🔧 Fix attempt 1/3
  ❌ Fix attempt 1 failed
  🔧 Fix attempt 2/3
  ❌ Fix attempt 2 failed
  🔧 Fix attempt 3/3
  ❌ Fix attempt 3 failed
  ⚠️ Failed to fix after 3 attempts. Moving to next iteration.
🚫 Skipping feedback on next step (no self-critique)
🚀 Beginning step 8...
⚠️ Code errored with: AttributeError: can't set attribute
  🔧 Fix attempt 1/3
  ❌ Fix attempt 1 failed
  🔧 Fix attempt 2/3
  ❌ Fix attempt 2 failed
  🔧 Fix attempt 3/3
  ❌ Fix attempt 3 failed
  ⚠️ Failed to fix after 3 attempts. Moving to next iteration.
💾 Saved notebook to: endo_ablation_080725/test_results_no_vlm_no_critique_20250807_122802/outputs/test_no_vlm_no_critique_20250807_122821/test_no_vlm_no_critique_analysis_1.ipynb
✅ Persistent kernel stopped
✅ Completed Analysis 1

🚀 Starting Analysis 2
✅ Persistent kernel started
🚫 Skipping feedback on next step (no self-critique)
🚀 Beginning step 1...
🚫 Skipping feedback on next step (no self-critique)
🚀 Beginning step 2...
🚫 Skipping feedback on next step (no self-critique)
🚀 Beginning step 3...
🚫 Skipping feedback on next step (no self-critique)
🚀 Beginning step 4...
⚠️ Code errored with: ValueError: `A` must be of floating or complex floating data type.
  🔧 Fix attempt 1/3
  ✅ Fix successful on attempt 1
🚫 Skipping feedback on next step (no self-critique)
🚀 Beginning step 5...
🚫 Skipping feedback on next step (no self-critique)
🚀 Beginning step 6...
🚫 Skipping feedback on next step (no self-critique)
🚀 Beginning step 7...
🚫 Skipping feedback on next step (no self-critique)
🚀 Beginning step 8...
💾 Saved notebook to: endo_ablation_080725/test_results_no_vlm_no_critique_20250807_122802/outputs/test_no_vlm_no_critique_20250807_122821/test_no_vlm_no_critique_analysis_2.ipynb
✅ Persistent kernel stopped
✅ Completed Analysis 2

🚀 Starting Analysis 3
✅ Persistent kernel started
🚫 Skipping feedback on next step (no self-critique)
🚀 Beginning step 1...
🚫 Skipping feedback on next step (no self-critique)
🚀 Beginning step 2...
🚫 Skipping feedback on next step (no self-critique)
🚀 Beginning step 3...
⚠️ Code errored with: ModuleNotFoundError: No module named 'gprofiler'
  🔧 Fix attempt 1/3
  ✅ Fix successful on attempt 1
🚫 Skipping feedback on next step (no self-critique)
🚀 Beginning step 4...
⚠️ Code errored with: ImportError: cannot import name 'get_num_classes' from 'torchmetrics.utilities.data' (/scratch/users/salber/packages/miniconda3/envs/CellVoyager/lib/python3.9/site-packages/torchmetrics/utilities/data.py)
  🔧 Fix attempt 1/3
  ❌ Fix attempt 1 failed
  🔧 Fix attempt 2/3
  ❌ Fix attempt 2 failed
  🔧 Fix attempt 3/3
  ❌ Fix attempt 3 failed
  ⚠️ Failed to fix after 3 attempts. Moving to next iteration.
🚫 Skipping feedback on next step (no self-critique)
🚀 Beginning step 5...
⚠️ Code errored with: KeyError: "None of [Index(['Stromal fibroblasts_cellular_stress',\n       'Stromal fibroblasts_morphogenesis',\n       'Stromal fibroblasts_ER_processes'],\n      dtype='object')] are in the [columns]"
  🔧 Fix attempt 1/3
  ✅ Fix successful on attempt 1
🚫 Skipping feedback on next step (no self-critique)
🚀 Beginning step 6...
🚫 Skipping feedback on next step (no self-critique)
🚀 Beginning step 7...
⚠️ Code errored with: ValueError: Did not find X_scVI in `.obsm.keys()`. You need to compute it first.
  🔧 Fix attempt 1/3
  ❌ Fix attempt 1 failed
  🔧 Fix attempt 2/3
  ❌ Fix attempt 2 failed
  🔧 Fix attempt 3/3
  ❌ Fix attempt 3 failed
  ⚠️ Failed to fix after 3 attempts. Moving to next iteration.
🚫 Skipping feedback on next step (no self-critique)
🚀 Beginning step 8...
💾 Saved notebook to: endo_ablation_080725/test_results_no_vlm_no_critique_20250807_122802/outputs/test_no_vlm_no_critique_20250807_122821/test_no_vlm_no_critique_analysis_3.ipynb
✅ Persistent kernel stopped
✅ Completed Analysis 3

🚀 Starting Analysis 4
✅ Persistent kernel started
🚫 Skipping feedback on next step (no self-critique)
🚀 Beginning step 1...
🚫 Skipping feedback on next step (no self-critique)
🚀 Beginning step 2...
⚠️ Code errored with: AttributeError: 'DataFrame' object has no attribute 'obs'
  🔧 Fix attempt 1/3
  ✅ Fix successful on attempt 1
🚫 Skipping feedback on next step (no self-critique)
🚀 Beginning step 3...
⚠️ Code errored with: ImportError: cannot import name 'controlnorm' from 'scipy.stats' (/scratch/users/salber/packages/miniconda3/envs/CellVoyager/lib/python3.9/site-packages/scipy/stats/__init__.py)
  🔧 Fix attempt 1/3
  ✅ Fix successful on attempt 1
🚫 Skipping feedback on next step (no self-critique)
🚀 Beginning step 4...
🚫 Skipping feedback on next step (no self-critique)
🚀 Beginning step 5...
🚫 Skipping feedback on next step (no self-critique)
🚀 Beginning step 6...
⚠️ Code errored with: AttributeError: Can only use .cat accessor with a 'category' dtype
  🔧 Fix attempt 1/3
  ❌ Fix attempt 1 failed
  🔧 Fix attempt 2/3
  ❌ Fix attempt 2 failed
  🔧 Fix attempt 3/3
  ❌ Fix attempt 3 failed
  ⚠️ Failed to fix after 3 attempts. Moving to next iteration.
🚫 Skipping feedback on next step (no self-critique)
🚀 Beginning step 7...
⚠️ Code errored with: ImportError: cannot import name 'get_num_classes' from 'torchmetrics.utilities.data' (/scratch/users/salber/packages/miniconda3/envs/CellVoyager/lib/python3.9/site-packages/torchmetrics/utilities/data.py)
  🔧 Fix attempt 1/3
  ❌ Fix attempt 1 failed
  🔧 Fix attempt 2/3
  ❌ Fix attempt 2 failed
  🔧 Fix attempt 3/3
  ❌ Fix attempt 3 failed
  ⚠️ Failed to fix after 3 attempts. Moving to next iteration.
🚫 Skipping feedback on next step (no self-critique)
🚀 Beginning step 8...
⚠️ Code errored with: AttributeError: module 'anndata' has no attribute 'tl'
  🔧 Fix attempt 1/3
  ❌ Fix attempt 1 failed
  🔧 Fix attempt 2/3
  ❌ Fix attempt 2 failed
  🔧 Fix attempt 3/3
  ❌ Fix attempt 3 failed
  ⚠️ Failed to fix after 3 attempts. Moving to next iteration.
💾 Saved notebook to: endo_ablation_080725/test_results_no_vlm_no_critique_20250807_122802/outputs/test_no_vlm_no_critique_20250807_122821/test_no_vlm_no_critique_analysis_4.ipynb
✅ Persistent kernel stopped
✅ Completed Analysis 4

🚀 Starting Analysis 5
✅ Persistent kernel started
🚫 Skipping feedback on next step (no self-critique)
🚀 Beginning step 1...
🚫 Skipping feedback on next step (no self-critique)
🚀 Beginning step 2...
⚠️ Code errored with: AttributeError: Can only use .cat accessor with a 'category' dtype
  🔧 Fix attempt 1/3
  ❌ Fix attempt 1 failed
  🔧 Fix attempt 2/3
  ❌ Fix attempt 2 failed
  🔧 Fix attempt 3/3
  ❌ Fix attempt 3 failed
  ⚠️ Failed to fix after 3 attempts. Moving to next iteration.
🚫 Skipping feedback on next step (no self-critique)
🚀 Beginning step 3...
⚠️ Code errored with: KeyError: 'cell_type'
  🔧 Fix attempt 1/3
  ✅ Fix successful on attempt 1
🚫 Skipping feedback on next step (no self-critique)
🚀 Beginning step 4...
🚫 Skipping feedback on next step (no self-critique)
🚀 Beginning step 5...
⚠️ Code errored with: ZeroDivisionError: division by zero
  🔧 Fix attempt 1/3
  ❌ Fix attempt 1 failed
  🔧 Fix attempt 2/3
  ✅ Fix successful on attempt 2
🚫 Skipping feedback on next step (no self-critique)
🚀 Beginning step 6...
⚠️ Code errored with: AttributeError: 'NoneType' object has no attribute 'X'
  🔧 Fix attempt 1/3
  ❌ Fix attempt 1 failed
  🔧 Fix attempt 2/3
  ✅ Fix successful on attempt 2
🚫 Skipping feedback on next step (no self-critique)
🚀 Beginning step 7...
🚫 Skipping feedback on next step (no self-critique)
🚀 Beginning step 8...
💾 Saved notebook to: endo_ablation_080725/test_results_no_vlm_no_critique_20250807_122802/outputs/test_no_vlm_no_critique_20250807_122821/test_no_vlm_no_critique_analysis_5.ipynb
✅ Persistent kernel stopped
✅ Completed Analysis 5

🚀 Starting Analysis 6
✅ Persistent kernel started
🚫 Skipping feedback on next step (no self-critique)
🚀 Beginning step 1...
⚠️ Code errored with: AttributeError: Can only use .cat accessor with a 'category' dtype
  🔧 Fix attempt 1/3
  ❌ Fix attempt 1 failed
  🔧 Fix attempt 2/3
  ❌ Fix attempt 2 failed
  🔧 Fix attempt 3/3
  ❌ Fix attempt 3 failed
  ⚠️ Failed to fix after 3 attempts. Moving to next iteration.
🚫 Skipping feedback on next step (no self-critique)
🚀 Beginning step 2...
⚠️ Code errored with: ValueError: `A` must be of floating or complex floating data type.
  🔧 Fix attempt 1/3
  ✅ Fix successful on attempt 1
🚫 Skipping feedback on next step (no self-critique)
🚀 Beginning step 3...
⚠️ Code errored with: ImportError: cannot import name 'get_num_classes' from 'torchmetrics.utilities.data' (/scratch/users/salber/packages/miniconda3/envs/CellVoyager/lib/python3.9/site-packages/torchmetrics/utilities/data.py)
  🔧 Fix attempt 1/3
  ❌ Fix attempt 1 failed
  🔧 Fix attempt 2/3
  ❌ Fix attempt 2 failed
  🔧 Fix attempt 3/3
  ❌ Fix attempt 3 failed
  ⚠️ Failed to fix after 3 attempts. Moving to next iteration.
🚫 Skipping feedback on next step (no self-critique)
🚀 Beginning step 4...
⚠️ Code errored with: ImportError: cannot import name 'get_num_classes' from 'torchmetrics.utilities.data' (/scratch/users/salber/packages/miniconda3/envs/CellVoyager/lib/python3.9/site-packages/torchmetrics/utilities/data.py)
  🔧 Fix attempt 1/3
  ❌ Fix attempt 1 failed
  🔧 Fix attempt 2/3
  ❌ Fix attempt 2 failed
  🔧 Fix attempt 3/3
  ❌ Fix attempt 3 failed
  ⚠️ Failed to fix after 3 attempts. Moving to next iteration.
🚫 Skipping feedback on next step (no self-critique)
🚀 Beginning step 5...
⚠️ Code errored with: ImportError: cannot import name 'get_num_classes' from 'torchmetrics.utilities.data' (/scratch/users/salber/packages/miniconda3/envs/CellVoyager/lib/python3.9/site-packages/torchmetrics/utilities/data.py)
  🔧 Fix attempt 1/3
  ❌ Fix attempt 1 failed
  🔧 Fix attempt 2/3
  ❌ Fix attempt 2 failed
  🔧 Fix attempt 3/3
  ❌ Fix attempt 3 failed
  ⚠️ Failed to fix after 3 attempts. Moving to next iteration.
🚫 Skipping feedback on next step (no self-critique)
🚀 Beginning step 6...
⚠️ Code errored with: TypeError: dpt() got an unexpected keyword argument 'use_rep'
  🔧 Fix attempt 1/3
  ❌ Fix attempt 1 failed
  🔧 Fix attempt 2/3
  ❌ Fix attempt 2 failed
  🔧 Fix attempt 3/3
  ❌ Fix attempt 3 failed
  ⚠️ Failed to fix after 3 attempts. Moving to next iteration.
🚫 Skipping feedback on next step (no self-critique)
🚀 Beginning step 7...
⚠️ Code errored with: ImportError: cannot import name 'get_num_classes' from 'torchmetrics.utilities.data' (/scratch/users/salber/packages/miniconda3/envs/CellVoyager/lib/python3.9/site-packages/torchmetrics/utilities/data.py)
  🔧 Fix attempt 1/3
  ❌ Fix attempt 1 failed
  🔧 Fix attempt 2/3
  ❌ Fix attempt 2 failed
  🔧 Fix attempt 3/3
  ❌ Fix attempt 3 failed
  ⚠️ Failed to fix after 3 attempts. Moving to next iteration.
🚫 Skipping feedback on next step (no self-critique)
🚀 Beginning step 8...
⚠️ Code errored with: ValueError: Did not find X_scVI in `.obsm.keys()`. You need to compute it first.
  🔧 Fix attempt 1/3
  ❌ Fix attempt 1 failed
  🔧 Fix attempt 2/3
  ❌ Fix attempt 2 failed
  🔧 Fix attempt 3/3
  ❌ Fix attempt 3 failed
  ⚠️ Failed to fix after 3 attempts. Moving to next iteration.
💾 Saved notebook to: endo_ablation_080725/test_results_no_vlm_no_critique_20250807_122802/outputs/test_no_vlm_no_critique_20250807_122821/test_no_vlm_no_critique_analysis_6.ipynb
✅ Persistent kernel stopped
✅ Completed Analysis 6

🚀 Starting Analysis 7
✅ Persistent kernel started
🚫 Skipping feedback on next step (no self-critique)
🚀 Beginning step 1...
⚠️ Code errored with: AttributeError: 'SparseCSRView' object has no attribute 'var'
  🔧 Fix attempt 1/3
  ❌ Fix attempt 1 failed
  🔧 Fix attempt 2/3
  ✅ Fix successful on attempt 2
🚫 Skipping feedback on next step (no self-critique)
🚀 Beginning step 2...
⚠️ Code errored with: AttributeError: module 'scanpy.preprocessing' has no attribute 'harmony_integrate'
  🔧 Fix attempt 1/3
  ❌ Fix attempt 1 failed
  🔧 Fix attempt 2/3
  ❌ Fix attempt 2 failed
  🔧 Fix attempt 3/3
  ❌ Fix attempt 3 failed
  ⚠️ Failed to fix after 3 attempts. Moving to next iteration.
🚫 Skipping feedback on next step (no self-critique)
🚀 Beginning step 3...
⚠️ Code errored with: ModuleNotFoundError: No module named 'harmony'
  🔧 Fix attempt 1/3
  ❌ Fix attempt 1 failed
  🔧 Fix attempt 2/3
  ❌ Fix attempt 2 failed
  🔧 Fix attempt 3/3
  ❌ Fix attempt 3 failed
  ⚠️ Failed to fix after 3 attempts. Moving to next iteration.
🚫 Skipping feedback on next step (no self-critique)
🚀 Beginning step 4...
⚠️ Code errored with: ValueError: `A` must be of floating or complex floating data type.
  🔧 Fix attempt 1/3
  ✅ Fix successful on attempt 1
🚫 Skipping feedback on next step (no self-critique)
🚀 Beginning step 5...
🚫 Skipping feedback on next step (no self-critique)
🚀 Beginning step 6...
🚫 Skipping feedback on next step (no self-critique)
🚀 Beginning step 7...
🚫 Skipping feedback on next step (no self-critique)
🚀 Beginning step 8...
💾 Saved notebook to: endo_ablation_080725/test_results_no_vlm_no_critique_20250807_122802/outputs/test_no_vlm_no_critique_20250807_122821/test_no_vlm_no_critique_analysis_7.ipynb
✅ Persistent kernel stopped
✅ Completed Analysis 7

🚀 Starting Analysis 8
✅ Persistent kernel started
🚫 Skipping feedback on next step (no self-critique)
🚀 Beginning step 1...
⚠️ Code errored with: ValueError: `A` must be of floating or complex floating data type.
  🔧 Fix attempt 1/3
  ❌ Fix attempt 1 failed
  🔧 Fix attempt 2/3
  ✅ Fix successful on attempt 2
🚫 Skipping feedback on next step (no self-critique)
🚀 Beginning step 2...
⚠️ Code errored with: KeyError: 'dpt_pseudotime'
  🔧 Fix attempt 1/3
  ❌ Fix attempt 1 failed
  🔧 Fix attempt 2/3
  ❌ Fix attempt 2 failed
  🔧 Fix attempt 3/3
  ❌ Fix attempt 3 failed
  ⚠️ Failed to fix after 3 attempts. Moving to next iteration.
🚫 Skipping feedback on next step (no self-critique)
🚀 Beginning step 3...
🚫 Skipping feedback on next step (no self-critique)
🚀 Beginning step 4...
⚠️ Code errored with: AttributeError: recarray has no attribute head
  🔧 Fix attempt 1/3
  ✅ Fix successful on attempt 1
🚫 Skipping feedback on next step (no self-critique)
🚀 Beginning step 5...
⚠️ Code errored with: KeyError: 'leiden'
  🔧 Fix attempt 1/3
  ✅ Fix successful on attempt 1
🚫 Skipping feedback on next step (no self-critique)
🚀 Beginning step 6...
⚠️ Code errored with: ValueError: Could not calculate statistics for groups 28 since they only contain one sample.
  🔧 Fix attempt 1/3
  ❌ Fix attempt 1 failed
  🔧 Fix attempt 2/3
  ❌ Fix attempt 2 failed
  🔧 Fix attempt 3/3
  ❌ Fix attempt 3 failed
  ⚠️ Failed to fix after 3 attempts. Moving to next iteration.
🚫 Skipping feedback on next step (no self-critique)
🚀 Beginning step 7...
🚫 Skipping feedback on next step (no self-critique)
🚀 Beginning step 8...
💾 Saved notebook to: endo_ablation_080725/test_results_no_vlm_no_critique_20250807_122802/outputs/test_no_vlm_no_critique_20250807_122821/test_no_vlm_no_critique_analysis_8.ipynb
✅ Persistent kernel stopped
✅ Completed Analysis 8

🚀 Starting Analysis 9
✅ Persistent kernel started
🚫 Skipping feedback on next step (no self-critique)
🚀 Beginning step 1...
🚫 Skipping feedback on next step (no self-critique)
🚀 Beginning step 2...
🚫 Skipping feedback on next step (no self-critique)
🚀 Beginning step 3...
🚫 Skipping feedback on next step (no self-critique)
🚀 Beginning step 4...
🚫 Skipping feedback on next step (no self-critique)
🚀 Beginning step 5...
⚠️ Code errored with: TypeError: 'NoneType' object is not subscriptable
  🔧 Fix attempt 1/3
  ✅ Fix successful on attempt 1
🚫 Skipping feedback on next step (no self-critique)
🚀 Beginning step 6...
⚠️ Code errored with: ValueError: Could not calculate statistics for groups 25, 24 since they only contain one sample.
  🔧 Fix attempt 1/3
  ✅ Fix successful on attempt 1
🚫 Skipping feedback on next step (no self-critique)
🚀 Beginning step 7...
⚠️ Code errored with: KeyError: 'rank_genes_groups_endothelia'
  🔧 Fix attempt 1/3
  ❌ Fix attempt 1 failed
  🔧 Fix attempt 2/3
  ❌ Fix attempt 2 failed
  🔧 Fix attempt 3/3
  ✅ Fix successful on attempt 3
❌ Error during agent execution: Error code: 400 - {'error': {'message': "This model's maximum context length is 128000 tokens. However, your messages resulted in 2204653 tokens. Please reduce the length of the messages.", 'type': 'invalid_request_error', 'param': 'messages', 'code': 'context_length_exceeded'}}
💾 Results saved to: endo_ablation_080725/results_no_vlm_no_critique.json
📊 NO_VLM_NO_CRITIQUE Results:
   Final Success Rate: 0.00%
   Total Failure Rate: 0.00%
   Final Successful Cells: 0
   Total Failures: 0
   Total Attempts: 0
✅ Ablation test no_vlm_no_critique completed!
