🚀 Running ablation test: no_vlm
   Self-critique: ✅
   VLM: ❌
   Analyses: 25
   Max iterations: 8

🧪 Testing no_vlm...
   Self-critique: ✅
   VLM: ❌
❌ Error during agent execution: 'deepresearch_summary'
💾 Results saved to: covid_ablation_080825/results_no_vlm.json
📊 NO_VLM Results:
   Final Success Rate: 0.00%
   Total Failure Rate: 0.00%
   Final Successful Cells: 0
   Total Failures: 0
   Total Attempts: 0
✅ Ablation test no_vlm completed!
